Traceback (most recent call last):
  File "/Users/ngocbao/Documents/Document/research/main/speech/exps/finetune-personalplex/personaplex-finetuning/scripts/audit_personaplex.py", line 341, in <module>
    main()
  File "/Users/ngocbao/Documents/Document/research/main/speech/exps/finetune-personalplex/personaplex-finetuning/scripts/audit_personaplex.py", line 269, in main
    tiny_probe(request["device"], request["reference"], request["output_dir"], request["source_state"])
  File "/Users/ngocbao/Documents/Document/research/main/speech/exps/finetune-personalplex/personaplex-finetuning/scripts/audit_native.py", line 262, in tiny_probe
    base_streaming, _ = parity(runtime, codes, args)
                        ^^^^^^^^^^^^^^^^^^^^^^^^^^^^
  File "/Users/ngocbao/Documents/Document/research/main/speech/exps/finetune-personalplex/personaplex-finetuning/scripts/validate_one_sample.py", line 248, in parity
    hidden, text = model.forward_codes(delayed[:, :, t:t + 1])
                   ^^^^^^^^^^^^^^^^^^^^^^^^^^^^^^^^^^^^^^^^^^^
  File "/Users/ngocbao/Documents/Document/research/main/speech/exps/finetune-personalplex/personaplex-finetuning/src/moshi/models/lm.py", line 445, in forward_codes
    return self.forward_embeddings(self.embed_codes(sequence))
           ^^^^^^^^^^^^^^^^^^^^^^^^^^^^^^^^^^^^^^^^^^^^^^^^^^^
  File "/Users/ngocbao/Documents/Document/research/main/speech/exps/finetune-personalplex/personaplex-finetuning/src/moshi/models/lm.py", line 449, in forward_embeddings
    transformer_out = self.transformer(input)
                      ^^^^^^^^^^^^^^^^^^^^^^^
  File "/opt/anaconda3/envs/personaplex/lib/python3.11/site-packages/torch/nn/modules/module.py", line 1553, in _wrapped_call_impl
    return self._call_impl(*args, **kwargs)
           ^^^^^^^^^^^^^^^^^^^^^^^^^^^^^^^^
  File "/opt/anaconda3/envs/personaplex/lib/python3.11/site-packages/torch/nn/modules/module.py", line 1562, in _call_impl
    return forward_call(*args, **kwargs)
           ^^^^^^^^^^^^^^^^^^^^^^^^^^^^^
  File "/Users/ngocbao/Documents/Document/research/main/speech/exps/finetune-personalplex/personaplex-finetuning/src/moshi/modules/transformer.py", line 722, in forward
    x = layer(x, *args, **kwargs)
        ^^^^^^^^^^^^^^^^^^^^^^^^^
  File "/opt/anaconda3/envs/personaplex/lib/python3.11/site-packages/torch/nn/modules/module.py", line 1553, in _wrapped_call_impl
    return self._call_impl(*args, **kwargs)
           ^^^^^^^^^^^^^^^^^^^^^^^^^^^^^^^^
  File "/opt/anaconda3/envs/personaplex/lib/python3.11/site-packages/torch/nn/modules/module.py", line 1562, in _call_impl
    return forward_call(*args, **kwargs)
           ^^^^^^^^^^^^^^^^^^^^^^^^^^^^^
  File "/Users/ngocbao/Documents/Document/research/main/speech/exps/finetune-personalplex/personaplex-finetuning/src/moshi/modules/transformer.py", line 617, in forward
    x = self._sa_block(x)
        ^^^^^^^^^^^^^^^^^
  File "/Users/ngocbao/Documents/Document/research/main/speech/exps/finetune-personalplex/personaplex-finetuning/src/moshi/modules/transformer.py", line 610, in _sa_block
    update = self.self_attn(x, x, x)
             ^^^^^^^^^^^^^^^^^^^^^^^
  File "/opt/anaconda3/envs/personaplex/lib/python3.11/site-packages/torch/nn/modules/module.py", line 1553, in _wrapped_call_impl
    return self._call_impl(*args, **kwargs)
           ^^^^^^^^^^^^^^^^^^^^^^^^^^^^^^^^
  File "/opt/anaconda3/envs/personaplex/lib/python3.11/site-packages/torch/nn/modules/module.py", line 1562, in _call_impl
    return forward_call(*args, **kwargs)
           ^^^^^^^^^^^^^^^^^^^^^^^^^^^^^
  File "/Users/ngocbao/Documents/Document/research/main/speech/exps/finetune-personalplex/personaplex-finetuning/src/moshi/modules/transformer.py", line 431, in forward
    k, v, pos_k = self._complete_kv(k, v)
                  ^^^^^^^^^^^^^^^^^^^^^^^
  File "/Users/ngocbao/Documents/Document/research/main/speech/exps/finetune-personalplex/personaplex-finetuning/src/moshi/modules/transformer.py", line 404, in _complete_kv
    return state.kv_cache.complete(k, v)
           ^^^^^^^^^^^^^^^^^^^^^^^^^^^^^
  File "/Users/ngocbao/Documents/Document/research/main/speech/exps/finetune-personalplex/personaplex-finetuning/src/moshi/modules/transformer.py", line 268, in complete
    self.cache[0].index_copy_(2, indexes, k)
NotImplementedError: The operator 'aten::index_copy.out' is not currently implemented for the MPS device. If you want this op to be added in priority during the prototype phase of this feature, please comment on https://github.com/pytorch/pytorch/issues/77764. As a temporary fix, you can set the environment variable `PYTORCH_ENABLE_MPS_FALLBACK=1` to use the CPU as a fallback for this op. WARNING: this will be slower than running natively on MPS.
